=== [selflearn_mammoth_v1_e8] starting Mon Jun 29 05:07:15 PM +07 2026 ===
2026-06-29 17:07:52,608 [INFO] starting run: emb_dir=/project/lt200394-thllmV/kd_dataset/eval/train_probe/emb/selflearn_mammoth_v1_e8 tag=selflearn_mammoth_v1_e8 out_csv=/project/lt200394-thllmV/kd_dataset/eval/train_probe/emb/selflearn_mammoth_v1_e8/train_probe_summary.csv
2026-06-29 17:07:52,611 [INFO] found 13 npz shard(s): ['bloom-all.npz', 'cgoe-id.npz', 'cgoe-jv.npz', 'cgoe-ms.npz', 'cgoe-su.npz', 'cgoe-th.npz', 'cgoe-vi.npz', 'wit-id.npz', 'wit-jv.npz', 'wit-ms.npz', 'wit-my.npz', 'wit-th.npz', 'wit-vi.npz']
2026-06-29 17:07:52,761 [INFO] loaded /project/lt200394-thllmV/kd_dataset/eval/train_probe/emb/selflearn_mammoth_v1_e8/bloom-all.npz: dataset=bloom lang_tok=all N=6587
2026-06-29 17:08:05,709 [WARNING] /project/lt200394-thllmV/kd_dataset/eval/train_probe/emb/selflearn_mammoth_v1_e8/bloom-all: 'lang' column is flat (single value 'sea7' for all 6587 rows) -- this looks like a dataset-level label, not per-sample lang. Falling back to parsing iso3 from 'key' column.
2026-06-29 17:08:05,713 [INFO] /project/lt200394-thllmV/kd_dataset/eval/train_probe/emb/selflearn_mammoth_v1_e8/bloom-all: parsed iso3 from 'key' for all 6587 rows (fallback path)
2026-06-29 17:08:05,714 [INFO] /project/lt200394-thllmV/kd_dataset/eval/train_probe/emb/selflearn_mammoth_v1_e8/bloom-all.npz: lang resolution source = key_fallback
selflearn_mammoth_v1_e8 bloom  fil     N=    558 cos=0.451 i2t@1=0.079 t2i@1=0.034
selflearn_mammoth_v1_e8 bloom  id      N=   2169 cos=0.470 i2t@1=0.030 t2i@1=0.017
selflearn_mammoth_v1_e8 bloom  km      N=    308 cos=0.475 i2t@1=0.049 t2i@1=0.019
selflearn_mammoth_v1_e8 bloom  ms      N=    102 cos=0.385 i2t@1=0.147 t2i@1=0.078
selflearn_mammoth_v1_e8 bloom  my      N=    419 cos=0.465 i2t@1=0.010 t2i@1=0.007
selflearn_mammoth_v1_e8 bloom  th      N=   3009 cos=0.489 i2t@1=0.008 t2i@1=0.005
selflearn_mammoth_v1_e8 bloom  vi      N=     22 cos=0.438 i2t@1=0.045 t2i@1=0.091
2026-06-29 17:08:08,907 [INFO] loaded /project/lt200394-thllmV/kd_dataset/eval/train_probe/emb/selflearn_mammoth_v1_e8/cgoe-id.npz: dataset=cgoe lang_tok=id N=223098
selflearn_mammoth_v1_e8 cgoe   id      N= 223098 cos=0.432 i2t@1=0.063 t2i@1=0.052
2026-06-29 17:08:09,917 [INFO] loaded /project/lt200394-thllmV/kd_dataset/eval/train_probe/emb/selflearn_mammoth_v1_e8/cgoe-jv.npz: dataset=cgoe lang_tok=jv N=39747
selflearn_mammoth_v1_e8 cgoe   jv      N=  39747 cos=0.447 i2t@1=0.084 t2i@1=0.072
2026-06-29 17:08:11,278 [INFO] loaded /project/lt200394-thllmV/kd_dataset/eval/train_probe/emb/selflearn_mammoth_v1_e8/cgoe-ms.npz: dataset=cgoe lang_tok=ms N=161397
selflearn_mammoth_v1_e8 cgoe   ms      N= 161397 cos=0.427 i2t@1=0.067 t2i@1=0.054
2026-06-29 17:08:12,050 [INFO] loaded /project/lt200394-thllmV/kd_dataset/eval/train_probe/emb/selflearn_mammoth_v1_e8/cgoe-su.npz: dataset=cgoe lang_tok=su N=21238
selflearn_mammoth_v1_e8 cgoe   su      N=  21238 cos=0.451 i2t@1=0.089 t2i@1=0.081
2026-06-29 17:08:13,024 [INFO] loaded /project/lt200394-thllmV/kd_dataset/eval/train_probe/emb/selflearn_mammoth_v1_e8/cgoe-th.npz: dataset=cgoe lang_tok=th N=58433
selflearn_mammoth_v1_e8 cgoe   th      N=  58433 cos=0.415 i2t@1=0.019 t2i@1=0.012
2026-06-29 17:08:14,510 [INFO] loaded /project/lt200394-thllmV/kd_dataset/eval/train_probe/emb/selflearn_mammoth_v1_e8/cgoe-vi.npz: dataset=cgoe lang_tok=vi N=199562
selflearn_mammoth_v1_e8 cgoe   vi      N= 199562 cos=0.424 i2t@1=0.058 t2i@1=0.046
2026-06-29 17:08:15,816 [INFO] loaded /project/lt200394-thllmV/kd_dataset/eval/train_probe/emb/selflearn_mammoth_v1_e8/wit-id.npz: dataset=wit lang_tok=id N=146744
selflearn_mammoth_v1_e8 wit    id      N= 146744 cos=0.462 i2t@1=0.083 t2i@1=0.068
2026-06-29 17:08:16,499 [INFO] loaded /project/lt200394-thllmV/kd_dataset/eval/train_probe/emb/selflearn_mammoth_v1_e8/wit-jv.npz: dataset=wit lang_tok=jv N=11926
selflearn_mammoth_v1_e8 wit    jv      N=  11926 cos=0.460 i2t@1=0.090 t2i@1=0.073
2026-06-29 17:08:17,386 [INFO] loaded /project/lt200394-thllmV/kd_dataset/eval/train_probe/emb/selflearn_mammoth_v1_e8/wit-ms.npz: dataset=wit lang_tok=ms N=59504
selflearn_mammoth_v1_e8 wit    ms      N=  59504 cos=0.461 i2t@1=0.081 t2i@1=0.067
2026-06-29 17:08:18,016 [INFO] loaded /project/lt200394-thllmV/kd_dataset/eval/train_probe/emb/selflearn_mammoth_v1_e8/wit-my.npz: dataset=wit lang_tok=my N=9941
selflearn_mammoth_v1_e8 wit    my      N=   9941 cos=0.426 i2t@1=0.038 t2i@1=0.023
2026-06-29 17:08:18,536 [INFO] loaded /project/lt200394-thllmV/kd_dataset/eval/train_probe/emb/selflearn_mammoth_v1_e8/wit-th.npz: dataset=wit lang_tok=th N=55594
selflearn_mammoth_v1_e8 wit    th      N=  55594 cos=0.453 i2t@1=0.051 t2i@1=0.040
2026-06-29 17:08:20,079 [INFO] loaded /project/lt200394-thllmV/kd_dataset/eval/train_probe/emb/selflearn_mammoth_v1_e8/wit-vi.npz: dataset=wit lang_tok=vi N=203979
selflearn_mammoth_v1_e8 wit    vi      N= 203979 cos=0.464 i2t@1=0.074 t2i@1=0.059
2026-06-29 17:08:20,580 [INFO] wrote 19 rows -> /project/lt200394-thllmV/kd_dataset/eval/train_probe/emb/selflearn_mammoth_v1_e8/train_probe_summary.csv

wrote 19 rows -> /project/lt200394-thllmV/kd_dataset/eval/train_probe/emb/selflearn_mammoth_v1_e8/train_probe_summary.csv
=== [selflearn_mammoth_v1_e8] done Mon Jun 29 05:08:26 PM +07 2026, csv -> /project/lt200394-thllmV/kd_dataset/eval/train_probe/emb/selflearn_mammoth_v1_e8/train_probe_summary.csv ===
=== [selflearn_mammoth_v1_e16] starting Mon Jun 29 05:08:26 PM +07 2026 ===
2026-06-29 17:08:29,624 [INFO] starting run: emb_dir=/project/lt200394-thllmV/kd_dataset/eval/train_probe/emb/selflearn_mammoth_v1_e16 tag=selflearn_mammoth_v1_e16 out_csv=/project/lt200394-thllmV/kd_dataset/eval/train_probe/emb/selflearn_mammoth_v1_e16/train_probe_summary.csv
2026-06-29 17:08:29,628 [INFO] found 13 npz shard(s): ['bloom-all.npz', 'cgoe-id.npz', 'cgoe-jv.npz', 'cgoe-ms.npz', 'cgoe-su.npz', 'cgoe-th.npz', 'cgoe-vi.npz', 'wit-id.npz', 'wit-jv.npz', 'wit-ms.npz', 'wit-my.npz', 'wit-th.npz', 'wit-vi.npz']
2026-06-29 17:08:29,741 [INFO] loaded /project/lt200394-thllmV/kd_dataset/eval/train_probe/emb/selflearn_mammoth_v1_e16/bloom-all.npz: dataset=bloom lang_tok=all N=6587
2026-06-29 17:08:30,414 [WARNING] /project/lt200394-thllmV/kd_dataset/eval/train_probe/emb/selflearn_mammoth_v1_e16/bloom-all: 'lang' column is flat (single value 'sea7' for all 6587 rows) -- this looks like a dataset-level label, not per-sample lang. Falling back to parsing iso3 from 'key' column.
2026-06-29 17:08:30,418 [INFO] /project/lt200394-thllmV/kd_dataset/eval/train_probe/emb/selflearn_mammoth_v1_e16/bloom-all: parsed iso3 from 'key' for all 6587 rows (fallback path)
2026-06-29 17:08:30,419 [INFO] /project/lt200394-thllmV/kd_dataset/eval/train_probe/emb/selflearn_mammoth_v1_e16/bloom-all.npz: lang resolution source = key_fallback
selflearn_mammoth_v1_e16 bloom  fil     N=    558 cos=0.463 i2t@1=0.109 t2i@1=0.063
selflearn_mammoth_v1_e16 bloom  id      N=   2169 cos=0.479 i2t@1=0.043 t2i@1=0.030
selflearn_mammoth_v1_e16 bloom  km      N=    308 cos=0.483 i2t@1=0.094 t2i@1=0.045
selflearn_mammoth_v1_e16 bloom  ms      N=    102 cos=0.424 i2t@1=0.196 t2i@1=0.127
selflearn_mammoth_v1_e16 bloom  my      N=    419 cos=0.466 i2t@1=0.017 t2i@1=0.019
selflearn_mammoth_v1_e16 bloom  th      N=   3009 cos=0.481 i2t@1=0.014 t2i@1=0.009
selflearn_mammoth_v1_e16 bloom  vi      N=     22 cos=0.481 i2t@1=0.136 t2i@1=0.182
2026-06-29 17:08:31,423 [INFO] loaded /project/lt200394-thllmV/kd_dataset/eval/train_probe/emb/selflearn_mammoth_v1_e16/cgoe-id.npz: dataset=cgoe lang_tok=id N=223098
selflearn_mammoth_v1_e16 cgoe   id      N= 223098 cos=0.442 i2t@1=0.127 t2i@1=0.110
2026-06-29 17:08:32,372 [INFO] loaded /project/lt200394-thllmV/kd_dataset/eval/train_probe/emb/selflearn_mammoth_v1_e16/cgoe-jv.npz: dataset=cgoe lang_tok=jv N=39747
selflearn_mammoth_v1_e16 cgoe   jv      N=  39747 cos=0.465 i2t@1=0.174 t2i@1=0.160
2026-06-29 17:08:33,924 [INFO] loaded /project/lt200394-thllmV/kd_dataset/eval/train_probe/emb/selflearn_mammoth_v1_e16/cgoe-ms.npz: dataset=cgoe lang_tok=ms N=161397
selflearn_mammoth_v1_e16 cgoe   ms      N= 161397 cos=0.440 i2t@1=0.133 t2i@1=0.118
2026-06-29 17:08:34,829 [INFO] loaded /project/lt200394-thllmV/kd_dataset/eval/train_probe/emb/selflearn_mammoth_v1_e16/cgoe-su.npz: dataset=cgoe lang_tok=su N=21238
selflearn_mammoth_v1_e16 cgoe   su      N=  21238 cos=0.470 i2t@1=0.161 t2i@1=0.155
2026-06-29 17:08:35,872 [INFO] loaded /project/lt200394-thllmV/kd_dataset/eval/train_probe/emb/selflearn_mammoth_v1_e16/cgoe-th.npz: dataset=cgoe lang_tok=th N=58433
selflearn_mammoth_v1_e16 cgoe   th      N=  58433 cos=0.429 i2t@1=0.045 t2i@1=0.033
2026-06-29 17:08:37,567 [INFO] loaded /project/lt200394-thllmV/kd_dataset/eval/train_probe/emb/selflearn_mammoth_v1_e16/cgoe-vi.npz: dataset=cgoe lang_tok=vi N=199562
selflearn_mammoth_v1_e16 cgoe   vi      N= 199562 cos=0.438 i2t@1=0.118 t2i@1=0.102
2026-06-29 17:08:39,269 [INFO] loaded /project/lt200394-thllmV/kd_dataset/eval/train_probe/emb/selflearn_mammoth_v1_e16/wit-id.npz: dataset=wit lang_tok=id N=146744
selflearn_mammoth_v1_e16 wit    id      N= 146744 cos=0.463 i2t@1=0.130 t2i@1=0.110
2026-06-29 17:08:40,101 [INFO] loaded /project/lt200394-thllmV/kd_dataset/eval/train_probe/emb/selflearn_mammoth_v1_e16/wit-jv.npz: dataset=wit lang_tok=jv N=11926
selflearn_mammoth_v1_e16 wit    jv      N=  11926 cos=0.467 i2t@1=0.147 t2i@1=0.121
2026-06-29 17:08:41,115 [INFO] loaded /project/lt200394-thllmV/kd_dataset/eval/train_probe/emb/selflearn_mammoth_v1_e16/wit-ms.npz: dataset=wit lang_tok=ms N=59504
selflearn_mammoth_v1_e16 wit    ms      N=  59504 cos=0.465 i2t@1=0.127 t2i@1=0.109
2026-06-29 17:08:41,869 [INFO] loaded /project/lt200394-thllmV/kd_dataset/eval/train_probe/emb/selflearn_mammoth_v1_e16/wit-my.npz: dataset=wit lang_tok=my N=9941
selflearn_mammoth_v1_e16 wit    my      N=   9941 cos=0.437 i2t@1=0.057 t2i@1=0.043
2026-06-29 17:08:42,478 [INFO] loaded /project/lt200394-thllmV/kd_dataset/eval/train_probe/emb/selflearn_mammoth_v1_e16/wit-th.npz: dataset=wit lang_tok=th N=55594
selflearn_mammoth_v1_e16 wit    th      N=  55594 cos=0.456 i2t@1=0.082 t2i@1=0.068
2026-06-29 17:08:44,048 [INFO] loaded /project/lt200394-thllmV/kd_dataset/eval/train_probe/emb/selflearn_mammoth_v1_e16/wit-vi.npz: dataset=wit lang_tok=vi N=203979
selflearn_mammoth_v1_e16 wit    vi      N= 203979 cos=0.465 i2t@1=0.117 t2i@1=0.098
2026-06-29 17:08:45,112 [INFO] wrote 19 rows -> /project/lt200394-thllmV/kd_dataset/eval/train_probe/emb/selflearn_mammoth_v1_e16/train_probe_summary.csv

wrote 19 rows -> /project/lt200394-thllmV/kd_dataset/eval/train_probe/emb/selflearn_mammoth_v1_e16/train_probe_summary.csv
=== [selflearn_mammoth_v1_e16] done Mon Jun 29 05:08:45 PM +07 2026, csv -> /project/lt200394-thllmV/kd_dataset/eval/train_probe/emb/selflearn_mammoth_v1_e16/train_probe_summary.csv ===
=== [selflearn_mammoth_v1_e24] starting Mon Jun 29 05:08:45 PM +07 2026 ===
2026-06-29 17:08:48,690 [INFO] starting run: emb_dir=/project/lt200394-thllmV/kd_dataset/eval/train_probe/emb/selflearn_mammoth_v1_e24 tag=selflearn_mammoth_v1_e24 out_csv=/project/lt200394-thllmV/kd_dataset/eval/train_probe/emb/selflearn_mammoth_v1_e24/train_probe_summary.csv
2026-06-29 17:08:48,693 [INFO] found 13 npz shard(s): ['bloom-all.npz', 'cgoe-id.npz', 'cgoe-jv.npz', 'cgoe-ms.npz', 'cgoe-su.npz', 'cgoe-th.npz', 'cgoe-vi.npz', 'wit-id.npz', 'wit-jv.npz', 'wit-ms.npz', 'wit-my.npz', 'wit-th.npz', 'wit-vi.npz']
2026-06-29 17:08:48,825 [INFO] loaded /project/lt200394-thllmV/kd_dataset/eval/train_probe/emb/selflearn_mammoth_v1_e24/bloom-all.npz: dataset=bloom lang_tok=all N=6587
2026-06-29 17:08:49,604 [WARNING] /project/lt200394-thllmV/kd_dataset/eval/train_probe/emb/selflearn_mammoth_v1_e24/bloom-all: 'lang' column is flat (single value 'sea7' for all 6587 rows) -- this looks like a dataset-level label, not per-sample lang. Falling back to parsing iso3 from 'key' column.
2026-06-29 17:08:49,608 [INFO] /project/lt200394-thllmV/kd_dataset/eval/train_probe/emb/selflearn_mammoth_v1_e24/bloom-all: parsed iso3 from 'key' for all 6587 rows (fallback path)
2026-06-29 17:08:49,608 [INFO] /project/lt200394-thllmV/kd_dataset/eval/train_probe/emb/selflearn_mammoth_v1_e24/bloom-all.npz: lang resolution source = key_fallback
selflearn_mammoth_v1_e24 bloom  fil     N=    558 cos=0.472 i2t@1=0.253 t2i@1=0.235
selflearn_mammoth_v1_e24 bloom  id      N=   2169 cos=0.483 i2t@1=0.103 t2i@1=0.093
selflearn_mammoth_v1_e24 bloom  km      N=    308 cos=0.488 i2t@1=0.201 t2i@1=0.120
selflearn_mammoth_v1_e24 bloom  ms      N=    102 cos=0.452 i2t@1=0.412 t2i@1=0.353
selflearn_mammoth_v1_e24 bloom  my      N=    419 cos=0.469 i2t@1=0.048 t2i@1=0.024
selflearn_mammoth_v1_e24 bloom  th      N=   3009 cos=0.467 i2t@1=0.036 t2i@1=0.025
selflearn_mammoth_v1_e24 bloom  vi      N=     22 cos=0.486 i2t@1=0.136 t2i@1=0.227
2026-06-29 17:08:50,675 [INFO] loaded /project/lt200394-thllmV/kd_dataset/eval/train_probe/emb/selflearn_mammoth_v1_e24/cgoe-id.npz: dataset=cgoe lang_tok=id N=223098
selflearn_mammoth_v1_e24 cgoe   id      N= 223098 cos=0.447 i2t@1=0.262 t2i@1=0.253
2026-06-29 17:08:51,754 [INFO] loaded /project/lt200394-thllmV/kd_dataset/eval/train_probe/emb/selflearn_mammoth_v1_e24/cgoe-jv.npz: dataset=cgoe lang_tok=jv N=39747
selflearn_mammoth_v1_e24 cgoe   jv      N=  39747 cos=0.461 i2t@1=0.286 t2i@1=0.288
2026-06-29 17:08:53,277 [INFO] loaded /project/lt200394-thllmV/kd_dataset/eval/train_probe/emb/selflearn_mammoth_v1_e24/cgoe-ms.npz: dataset=cgoe lang_tok=ms N=161397
selflearn_mammoth_v1_e24 cgoe   ms      N= 161397 cos=0.448 i2t@1=0.278 t2i@1=0.279
2026-06-29 17:08:54,282 [INFO] loaded /project/lt200394-thllmV/kd_dataset/eval/train_probe/emb/selflearn_mammoth_v1_e24/cgoe-su.npz: dataset=cgoe lang_tok=su N=21238
selflearn_mammoth_v1_e24 cgoe   su      N=  21238 cos=0.468 i2t@1=0.274 t2i@1=0.290
2026-06-29 17:08:55,236 [INFO] loaded /project/lt200394-thllmV/kd_dataset/eval/train_probe/emb/selflearn_mammoth_v1_e24/cgoe-th.npz: dataset=cgoe lang_tok=th N=58433
selflearn_mammoth_v1_e24 cgoe   th      N=  58433 cos=0.433 i2t@1=0.121 t2i@1=0.100
2026-06-29 17:08:56,996 [INFO] loaded /project/lt200394-thllmV/kd_dataset/eval/train_probe/emb/selflearn_mammoth_v1_e24/cgoe-vi.npz: dataset=cgoe lang_tok=vi N=199562
selflearn_mammoth_v1_e24 cgoe   vi      N= 199562 cos=0.446 i2t@1=0.260 t2i@1=0.254
2026-06-29 17:08:58,373 [INFO] loaded /project/lt200394-thllmV/kd_dataset/eval/train_probe/emb/selflearn_mammoth_v1_e24/wit-id.npz: dataset=wit lang_tok=id N=146744
selflearn_mammoth_v1_e24 wit    id      N= 146744 cos=0.462 i2t@1=0.249 t2i@1=0.240
2026-06-29 17:08:59,156 [INFO] loaded /project/lt200394-thllmV/kd_dataset/eval/train_probe/emb/selflearn_mammoth_v1_e24/wit-jv.npz: dataset=wit lang_tok=jv N=11926
selflearn_mammoth_v1_e24 wit    jv      N=  11926 cos=0.469 i2t@1=0.304 t2i@1=0.294
2026-06-29 17:09:00,167 [INFO] loaded /project/lt200394-thllmV/kd_dataset/eval/train_probe/emb/selflearn_mammoth_v1_e24/wit-ms.npz: dataset=wit lang_tok=ms N=59504
selflearn_mammoth_v1_e24 wit    ms      N=  59504 cos=0.465 i2t@1=0.259 t2i@1=0.250
2026-06-29 17:09:00,908 [INFO] loaded /project/lt200394-thllmV/kd_dataset/eval/train_probe/emb/selflearn_mammoth_v1_e24/wit-my.npz: dataset=wit lang_tok=my N=9941
selflearn_mammoth_v1_e24 wit    my      N=   9941 cos=0.439 i2t@1=0.128 t2i@1=0.111
2026-06-29 17:09:01,470 [INFO] loaded /project/lt200394-thllmV/kd_dataset/eval/train_probe/emb/selflearn_mammoth_v1_e24/wit-th.npz: dataset=wit lang_tok=th N=55594
selflearn_mammoth_v1_e24 wit    th      N=  55594 cos=0.453 i2t@1=0.170 t2i@1=0.152
2026-06-29 17:09:03,049 [INFO] loaded /project/lt200394-thllmV/kd_dataset/eval/train_probe/emb/selflearn_mammoth_v1_e24/wit-vi.npz: dataset=wit lang_tok=vi N=203979
selflearn_mammoth_v1_e24 wit    vi      N= 203979 cos=0.461 i2t@1=0.225 t2i@1=0.209
2026-06-29 17:09:03,563 [INFO] wrote 19 rows -> /project/lt200394-thllmV/kd_dataset/eval/train_probe/emb/selflearn_mammoth_v1_e24/train_probe_summary.csv

wrote 19 rows -> /project/lt200394-thllmV/kd_dataset/eval/train_probe/emb/selflearn_mammoth_v1_e24/train_probe_summary.csv
=== [selflearn_mammoth_v1_e24] done Mon Jun 29 05:09:03 PM +07 2026, csv -> /project/lt200394-thllmV/kd_dataset/eval/train_probe/emb/selflearn_mammoth_v1_e24/train_probe_summary.csv ===
=== [selflearn_mammoth_v1_e32] starting Mon Jun 29 05:09:03 PM +07 2026 ===
2026-06-29 17:09:08,441 [INFO] starting run: emb_dir=/project/lt200394-thllmV/kd_dataset/eval/train_probe/emb/selflearn_mammoth_v1_e32 tag=selflearn_mammoth_v1_e32 out_csv=/project/lt200394-thllmV/kd_dataset/eval/train_probe/emb/selflearn_mammoth_v1_e32/train_probe_summary.csv
2026-06-29 17:09:08,444 [INFO] found 13 npz shard(s): ['bloom-all.npz', 'cgoe-id.npz', 'cgoe-jv.npz', 'cgoe-ms.npz', 'cgoe-su.npz', 'cgoe-th.npz', 'cgoe-vi.npz', 'wit-id.npz', 'wit-jv.npz', 'wit-ms.npz', 'wit-my.npz', 'wit-th.npz', 'wit-vi.npz']
2026-06-29 17:09:08,563 [INFO] loaded /project/lt200394-thllmV/kd_dataset/eval/train_probe/emb/selflearn_mammoth_v1_e32/bloom-all.npz: dataset=bloom lang_tok=all N=6587
2026-06-29 17:09:09,554 [WARNING] /project/lt200394-thllmV/kd_dataset/eval/train_probe/emb/selflearn_mammoth_v1_e32/bloom-all: 'lang' column is flat (single value 'sea7' for all 6587 rows) -- this looks like a dataset-level label, not per-sample lang. Falling back to parsing iso3 from 'key' column.
2026-06-29 17:09:09,559 [INFO] /project/lt200394-thllmV/kd_dataset/eval/train_probe/emb/selflearn_mammoth_v1_e32/bloom-all: parsed iso3 from 'key' for all 6587 rows (fallback path)
2026-06-29 17:09:09,560 [INFO] /project/lt200394-thllmV/kd_dataset/eval/train_probe/emb/selflearn_mammoth_v1_e32/bloom-all.npz: lang resolution source = key_fallback
selflearn_mammoth_v1_e32 bloom  fil     N=    558 cos=0.453 i2t@1=0.470 t2i@1=0.491
selflearn_mammoth_v1_e32 bloom  id      N=   2169 cos=0.453 i2t@1=0.227 t2i@1=0.213
selflearn_mammoth_v1_e32 bloom  km      N=    308 cos=0.457 i2t@1=0.357 t2i@1=0.260
selflearn_mammoth_v1_e32 bloom  ms      N=    102 cos=0.449 i2t@1=0.578 t2i@1=0.569
selflearn_mammoth_v1_e32 bloom  my      N=    419 cos=0.439 i2t@1=0.076 t2i@1=0.060
selflearn_mammoth_v1_e32 bloom  th      N=   3009 cos=0.446 i2t@1=0.079 t2i@1=0.079
selflearn_mammoth_v1_e32 bloom  vi      N=     22 cos=0.465 i2t@1=0.227 t2i@1=0.227
2026-06-29 17:09:10,689 [INFO] loaded /project/lt200394-thllmV/kd_dataset/eval/train_probe/emb/selflearn_mammoth_v1_e32/cgoe-id.npz: dataset=cgoe lang_tok=id N=223098
selflearn_mammoth_v1_e32 cgoe   id      N= 223098 cos=0.441 i2t@1=0.520 t2i@1=0.533
2026-06-29 17:09:11,604 [INFO] loaded /project/lt200394-thllmV/kd_dataset/eval/train_probe/emb/selflearn_mammoth_v1_e32/cgoe-jv.npz: dataset=cgoe lang_tok=jv N=39747
selflearn_mammoth_v1_e32 cgoe   jv      N=  39747 cos=0.446 i2t@1=0.518 t2i@1=0.522
2026-06-29 17:09:13,023 [INFO] loaded /project/lt200394-thllmV/kd_dataset/eval/train_probe/emb/selflearn_mammoth_v1_e32/cgoe-ms.npz: dataset=cgoe lang_tok=ms N=161397
selflearn_mammoth_v1_e32 cgoe   ms      N= 161397 cos=0.441 i2t@1=0.522 t2i@1=0.541
2026-06-29 17:09:13,819 [INFO] loaded /project/lt200394-thllmV/kd_dataset/eval/train_probe/emb/selflearn_mammoth_v1_e32/cgoe-su.npz: dataset=cgoe lang_tok=su N=21238
selflearn_mammoth_v1_e32 cgoe   su      N=  21238 cos=0.449 i2t@1=0.479 t2i@1=0.490
2026-06-29 17:09:14,734 [INFO] loaded /project/lt200394-thllmV/kd_dataset/eval/train_probe/emb/selflearn_mammoth_v1_e32/cgoe-th.npz: dataset=cgoe lang_tok=th N=58433
selflearn_mammoth_v1_e32 cgoe   th      N=  58433 cos=0.431 i2t@1=0.306 t2i@1=0.289
2026-06-29 17:09:16,291 [INFO] loaded /project/lt200394-thllmV/kd_dataset/eval/train_probe/emb/selflearn_mammoth_v1_e32/cgoe-vi.npz: dataset=cgoe lang_tok=vi N=199562
selflearn_mammoth_v1_e32 cgoe   vi      N= 199562 cos=0.439 i2t@1=0.500 t2i@1=0.514
2026-06-29 17:09:17,642 [INFO] loaded /project/lt200394-thllmV/kd_dataset/eval/train_probe/emb/selflearn_mammoth_v1_e32/wit-id.npz: dataset=wit lang_tok=id N=146744
selflearn_mammoth_v1_e32 wit    id      N= 146744 cos=0.444 i2t@1=0.438 t2i@1=0.449
2026-06-29 17:09:18,339 [INFO] loaded /project/lt200394-thllmV/kd_dataset/eval/train_probe/emb/selflearn_mammoth_v1_e32/wit-jv.npz: dataset=wit lang_tok=jv N=11926
selflearn_mammoth_v1_e32 wit    jv      N=  11926 cos=0.452 i2t@1=0.505 t2i@1=0.509
2026-06-29 17:09:19,315 [INFO] loaded /project/lt200394-thllmV/kd_dataset/eval/train_probe/emb/selflearn_mammoth_v1_e32/wit-ms.npz: dataset=wit lang_tok=ms N=59504
selflearn_mammoth_v1_e32 wit    ms      N=  59504 cos=0.446 i2t@1=0.450 t2i@1=0.458
2026-06-29 17:09:20,019 [INFO] loaded /project/lt200394-thllmV/kd_dataset/eval/train_probe/emb/selflearn_mammoth_v1_e32/wit-my.npz: dataset=wit lang_tok=my N=9941
selflearn_mammoth_v1_e32 wit    my      N=   9941 cos=0.442 i2t@1=0.349 t2i@1=0.353
2026-06-29 17:09:20,553 [INFO] loaded /project/lt200394-thllmV/kd_dataset/eval/train_probe/emb/selflearn_mammoth_v1_e32/wit-th.npz: dataset=wit lang_tok=th N=55594
selflearn_mammoth_v1_e32 wit    th      N=  55594 cos=0.441 i2t@1=0.352 t2i@1=0.349
2026-06-29 17:09:22,260 [INFO] loaded /project/lt200394-thllmV/kd_dataset/eval/train_probe/emb/selflearn_mammoth_v1_e32/wit-vi.npz: dataset=wit lang_tok=vi N=203979
selflearn_mammoth_v1_e32 wit    vi      N= 203979 cos=0.443 i2t@1=0.393 t2i@1=0.398
2026-06-29 17:09:22,874 [INFO] wrote 19 rows -> /project/lt200394-thllmV/kd_dataset/eval/train_probe/emb/selflearn_mammoth_v1_e32/train_probe_summary.csv

wrote 19 rows -> /project/lt200394-thllmV/kd_dataset/eval/train_probe/emb/selflearn_mammoth_v1_e32/train_probe_summary.csv
=== [selflearn_mammoth_v1_e32] done Mon Jun 29 05:09:23 PM +07 2026, csv -> /project/lt200394-thllmV/kd_dataset/eval/train_probe/emb/selflearn_mammoth_v1_e32/train_probe_summary.csv ===
=== ALL DONE Mon Jun 29 05:09:23 PM +07 2026 ===
